2026-07-16 14:59:19,238 INFO downloading for 3 sources
2026-07-16 14:59:19,841 INFO MAXI GX 339-4: OK 438548 bytes
2026-07-16 14:59:19,884 INFO MAXI MAXI J1820+070: OK 429947 bytes
2026-07-16 14:59:21,286 INFO BAT XTE J1550-564: OK 1025132 bytes
2026-07-16 14:59:21,371 INFO BAT MAXI J1820+070: OK 379804 bytes
2026-07-16 14:59:21,912 INFO BAT GX 339-4: OK 1000578 bytes
2026-07-16 14:59:21,913 INFO done
2026-07-16 14:59:30,606 INFO downloading for 18 sources
2026-07-16 14:59:31,213 INFO MAXI 4U 1543-47: OK 416559 bytes
2026-07-16 14:59:31,315 INFO MAXI GRS 1915+105: OK 414839 bytes
2026-07-16 14:59:31,875 INFO BAT GRO J1655-40: OK 986764 bytes
2026-07-16 14:59:32,068 INFO BAT 4U 1543-47: FAIL http 404 len 7119
2026-07-16 14:59:32,581 INFO MAXI V404 Cyg: OK 347460 bytes
2026-07-16 14:59:32,732 INFO BAT GRS 1915+105: OK 1038214 bytes
2026-07-16 14:59:33,393 INFO BAT XTE J1118+480: OK 1040273 bytes
2026-07-16 14:59:33,595 INFO BAT A0620-00: FAIL http 404 len 7119
2026-07-16 14:59:34,234 INFO BAT GRS 1124-684: FAIL http 404 len 7119
2026-07-16 14:59:34,291 INFO MAXI Cyg X-1: OK 338588 bytes
2026-07-16 14:59:34,424 INFO BAT XTE J1859+226: OK 1043066 bytes
2026-07-16 14:59:34,431 INFO MAXI MAXI J1348-630: FAIL http 404 len 196
2026-07-16 14:59:35,253 INFO MAXI H1743-322: OK 445597 bytes
2026-07-16 14:59:35,412 INFO BAT V404 Cyg: OK 1037328 bytes
2026-07-16 14:59:35,634 INFO BAT MAXI J1348-630: OK 232215 bytes
2026-07-16 14:59:36,111 INFO BAT H1743-322: FAIL http 404 len 7119
2026-07-16 14:59:36,183 INFO MAXI MAXI J1535-571: OK 479764 bytes
2026-07-16 14:59:36,344 INFO MAXI Swift J1727.8-1613: OK 501910 bytes
2026-07-16 14:59:36,770 INFO MAXI MAXI J1659-152: OK 486936 bytes
2026-07-16 14:59:37,149 INFO BAT Cyg X-1: OK 1046294 bytes
2026-07-16 14:59:37,220 INFO BAT Swift J1727.8-1613: FAIL http 404 len 7119
2026-07-16 14:59:37,658 INFO BAT MAXI J1535-571: OK 227217 bytes
2026-07-16 14:59:37,929 INFO MAXI XTE J1752-223: OK 455897 bytes
2026-07-16 14:59:40,411 INFO BAT MAXI J1659-152: OK 983091 bytes
2026-07-16 14:59:41,394 INFO BAT XTE J1752-223: OK 956630 bytes
2026-07-16 14:59:41,395 INFO done
2026-07-16 15:01:01,722 INFO downloading for 18 sources
2026-07-16 15:01:02,325 INFO MAXI GX 339-4: OK 438548 bytes
2026-07-16 15:01:02,420 INFO MAXI MAXI J1820+070: OK 429947 bytes
2026-07-16 15:01:03,552 INFO BAT GRO J1655-40: OK 986764 bytes
2026-07-16 15:01:04,063 INFO BAT MAXI J1820+070: OK 379804 bytes
2026-07-16 15:01:04,204 INFO MAXI 4U 1543-47: OK 416559 bytes
2026-07-16 15:01:04,328 INFO BAT GX 339-4: OK 1000578 bytes
2026-07-16 15:01:04,971 INFO MAXI GRS 1915+105: OK 414839 bytes
2026-07-16 15:01:05,224 INFO BAT XTE J1550-564: OK 1025132 bytes
2026-07-16 15:01:05,913 INFO MAXI V404 Cyg: OK 347460 bytes
2026-07-16 15:01:06,259 INFO BAT 4U 1543-47: OK 1003079 bytes
2026-07-16 15:01:07,508 INFO BAT XTE J1859+226: OK 1043066 bytes
2026-07-16 15:01:08,276 INFO MAXI Cyg X-1: OK 338588 bytes
2026-07-16 15:01:08,383 INFO BAT GRS 1915+105: OK 1038214 bytes
2026-07-16 15:01:09,155 INFO MAXI MAXI J1348-630: OK 488848 bytes
2026-07-16 15:01:09,328 INFO BAT V404 Cyg: OK 1037328 bytes
2026-07-16 15:01:09,727 INFO BAT XTE J1118+480: OK 1040273 bytes
2026-07-16 15:01:09,777 INFO BAT Cyg X-1: OK 1046294 bytes
2026-07-16 15:01:10,088 INFO MAXI H1743-322: OK 445597 bytes
2026-07-16 15:01:10,445 INFO MAXI MAXI J1535-571: OK 479764 bytes
2026-07-16 15:01:11,075 INFO BAT MAXI J1348-630: OK 232215 bytes
2026-07-16 15:01:11,106 INFO MAXI MAXI J1659-152: OK 486936 bytes
2026-07-16 15:01:11,876 INFO MAXI XTE J1752-223: OK 455897 bytes
2026-07-16 15:01:12,127 INFO BAT MAXI J1535-571: OK 227217 bytes
2026-07-16 15:01:12,887 INFO BAT H1743-322: OK 965011 bytes
2026-07-16 15:01:14,759 INFO BAT MAXI J1659-152: OK 983091 bytes
2026-07-16 15:01:15,562 INFO BAT XTE J1752-223: OK 956630 bytes
2026-07-16 15:03:20,685 INFO downloading for 18 sources
2026-07-16 15:03:28,771 INFO ASM XTE J1550-564: OK 8853120 bytes
2026-07-16 15:03:35,187 INFO ASM GRO J1655-40: OK 8233920 bytes
2026-07-16 15:03:37,388 INFO ASM GX 339-4: OK 9135360 bytes
2026-07-16 15:03:38,878 INFO ASM 4U 1543-47: OK 8962560 bytes
2026-07-16 15:03:47,259 INFO ASM XTE J1859+226: OK 14132160 bytes
2026-07-16 15:03:48,789 INFO ASM V404 Cyg: OK 13602240 bytes
2026-07-16 15:03:52,646 INFO ASM XTE J1118+480: OK 14310720 bytes
2026-07-16 15:03:56,037 INFO ASM GRS 1915+105: OK 12859200 bytes
2026-07-16 15:04:01,801 INFO ASM H1743-322: OK 7168320 bytes
2026-07-16 15:04:02,040 INFO ASM GRS 1124-684: OK 8544960 bytes
2026-07-16 15:04:02,860 INFO BAT Swift J1727.8-1613: OK 98755 bytes
2026-07-16 15:04:07,169 INFO ASM A0620-00: OK 12372480 bytes
2026-07-16 15:04:10,317 INFO ASM Cyg X-1: OK 15232320 bytes
2026-07-16 15:04:10,318 INFO done
2026-07-16 15:07:24,942 INFO downloading for 18 sources
2026-07-16 15:07:57,387 INFO ASMCOL 4U 1543-47: OK 26864640 bytes
2026-07-16 15:08:04,754 INFO ASMCOL GX 339-4: OK 27380160 bytes
2026-07-16 15:08:05,380 INFO ASMCOL GRO J1655-40: OK 24678720 bytes
2026-07-16 15:08:05,744 INFO ASMCOL XTE J1550-564: OK 26530560 bytes
2026-07-16 15:09:05,234 INFO ASMCOL GRS 1915+105: OK 38554560 bytes
2026-07-16 15:09:11,126 INFO ASMCOL V404 Cyg: OK 40780800 bytes
2026-07-16 15:09:13,198 INFO ASMCOL XTE J1859+226: OK 42373440 bytes
2026-07-16 15:09:14,801 INFO ASMCOL XTE J1118+480: OK 42903360 bytes
2026-07-16 15:09:42,379 INFO ASMCOL H1743-322: OK 21481920 bytes
2026-07-16 15:09:44,746 INFO ASMCOL GRS 1124-684: OK 25608960 bytes
2026-07-16 15:09:53,809 INFO ASMCOL A0620-00: OK 37094400 bytes
2026-07-16 15:10:06,753 INFO ASMCOL Cyg X-1: OK 45668160 bytes
2026-07-16 15:10:06,755 INFO done
