2026-07-16 15:04:55,188 INFO GX 339-4: loaded maxi_GX_339-4.dat (2320 pts)
2026-07-16 15:04:55,197 INFO GX 339-4: loaded bat_GX_339-4.dat (1954 pts)
2026-07-16 15:04:55,242 ERROR GX 339-4: asm_GX_339-4.lc failed: Big-endian buffer not supported on little-endian compiler
2026-07-16 15:05:16,029 INFO GX 339-4: loaded maxi_GX_339-4.dat (2320 pts)
2026-07-16 15:05:16,050 INFO GX 339-4: loaded bat_GX_339-4.dat (1954 pts)
2026-07-16 15:05:16,088 ERROR GX 339-4: asm_GX_339-4.lc failed: cannot insert mjd, already exists
2026-07-16 15:05:16,624 INFO MAXI J1820+070: loaded maxi_MAXI_J1820+070.dat (385 pts)
2026-07-16 15:05:16,628 INFO MAXI J1820+070: loaded bat_MAXI_J1820+070.dat (276 pts)
2026-07-16 15:05:16,911 INFO XTE J1550-564: loaded bat_XTE_J1550-564.dat (211 pts)
2026-07-16 15:05:16,944 ERROR XTE J1550-564: asm_XTE_J1550-564.lc failed: cannot insert mjd, already exists
2026-07-16 15:05:38,199 INFO GX 339-4: loaded maxi_GX_339-4.dat (2320 pts)
2026-07-16 15:05:38,220 INFO GX 339-4: loaded bat_GX_339-4.dat (1954 pts)
2026-07-16 15:05:38,258 ERROR GX 339-4: asm_GX_339-4.lc failed: cannot insert mjd, already exists
2026-07-16 15:05:38,776 INFO MAXI J1820+070: loaded maxi_MAXI_J1820+070.dat (385 pts)
2026-07-16 15:05:38,780 INFO MAXI J1820+070: loaded bat_MAXI_J1820+070.dat (276 pts)
2026-07-16 15:05:39,060 INFO XTE J1550-564: loaded bat_XTE_J1550-564.dat (211 pts)
2026-07-16 15:05:39,095 ERROR XTE J1550-564: asm_XTE_J1550-564.lc failed: cannot insert mjd, already exists
2026-07-16 15:05:39,322 INFO GRO J1655-40: loaded bat_GRO_J1655-40.dat (288 pts)
2026-07-16 15:05:39,355 ERROR GRO J1655-40: asm_GRO_J1655-40.lc failed: cannot insert mjd, already exists
2026-07-16 15:05:39,572 INFO 4U 1543-47: loaded maxi_4U_1543-47.dat (425 pts)
2026-07-16 15:05:39,581 INFO 4U 1543-47: loaded bat_4U_1543-47.dat (239 pts)
2026-07-16 15:05:39,615 ERROR 4U 1543-47: asm_4U_1543-47.lc failed: cannot insert mjd, already exists
2026-07-16 15:05:39,962 INFO XTE J1859+226: loaded bat_XTE_J1859+226.dat (191 pts)
2026-07-16 15:05:40,012 ERROR XTE J1859+226: asm_XTE_J1859+226.lc failed: cannot insert mjd, already exists
2026-07-16 15:05:40,206 INFO GRS 1915+105: loaded maxi_GRS_1915+105.dat (4249 pts)
2026-07-16 15:05:40,215 INFO GRS 1915+105: loaded bat_GRS_1915+105.dat (5443 pts)
2026-07-16 15:05:40,258 ERROR GRS 1915+105: asm_GRS_1915+105.lc failed: cannot insert mjd, already exists
2026-07-16 15:05:41,007 INFO V404 Cyg: loaded maxi_V404_Cyg.dat (535 pts)
2026-07-16 15:05:41,016 INFO V404 Cyg: loaded bat_V404_Cyg.dat (226 pts)
2026-07-16 15:05:41,064 ERROR V404 Cyg: asm_V404_Cyg.lc failed: cannot insert mjd, already exists
2026-07-16 15:05:41,360 INFO XTE J1118+480: loaded bat_XTE_J1118+480.dat (236 pts)
2026-07-16 15:05:41,410 ERROR XTE J1118+480: asm_XTE_J1118+480.lc failed: cannot insert mjd, already exists
2026-07-16 15:05:41,644 ERROR A0620-00: asm_A0620-00.lc failed: cannot insert mjd, already exists
2026-07-16 15:05:41,644 WARNING A0620-00: no data
2026-07-16 15:05:41,676 ERROR GRS 1124-684: asm_GRS_1124-684.lc failed: cannot insert mjd, already exists
2026-07-16 15:05:41,676 WARNING GRS 1124-684: no data
2026-07-16 15:05:41,681 INFO Cyg X-1: loaded maxi_Cyg_X-1.dat (3936 pts)
2026-07-16 15:05:41,690 INFO Cyg X-1: loaded bat_Cyg_X-1.dat (7105 pts)
2026-07-16 15:05:41,741 ERROR Cyg X-1: asm_Cyg_X-1.lc failed: cannot insert mjd, already exists
2026-07-16 15:05:42,562 INFO MAXI J1348-630: loaded maxi_MAXI_J1348-630.dat (1218 pts)
2026-07-16 15:05:42,565 INFO MAXI J1348-630: loaded bat_MAXI_J1348-630.dat (39 pts)
2026-07-16 15:05:42,909 INFO H1743-322: loaded maxi_H1743-322.dat (2688 pts)
2026-07-16 15:05:42,917 INFO H1743-322: loaded bat_H1743-322.dat (878 pts)
2026-07-16 15:05:42,947 ERROR H1743-322: asm_H1743-322.lc failed: cannot insert mjd, already exists
2026-07-16 15:05:43,398 INFO MAXI J1535-571: loaded maxi_MAXI_J1535-571.dat (1616 pts)
2026-07-16 15:05:43,402 INFO MAXI J1535-571: loaded bat_MAXI_J1535-571.dat (40 pts)
2026-07-16 15:05:43,750 INFO Swift J1727.8-1613: loaded maxi_Swift_J1727.8-1613.dat (1176 pts)
2026-07-16 15:05:43,753 INFO Swift J1727.8-1613: loaded bat_Swift_J1727.8-1613.dat (86 pts)
2026-07-16 15:05:44,131 INFO MAXI J1659-152: loaded maxi_MAXI_J1659-152.dat (568 pts)
2026-07-16 15:05:44,139 INFO MAXI J1659-152: loaded bat_MAXI_J1659-152.dat (250 pts)
2026-07-16 15:05:44,396 INFO XTE J1752-223: loaded maxi_XTE_J1752-223.dat (4356 pts)
2026-07-16 15:05:44,405 INFO XTE J1752-223: loaded bat_XTE_J1752-223.dat (346 pts)
2026-07-16 15:05:45,009 INFO wrote outburst_catalog.csv (16 sources)
2026-07-16 15:06:12,439 INFO GX 339-4: loaded maxi_GX_339-4.dat (2320 pts)
2026-07-16 15:06:12,459 INFO GX 339-4: loaded bat_GX_339-4.dat (1954 pts)
2026-07-16 15:06:12,515 INFO GX 339-4: loaded asm_GX_339-4.lc (0 pts)
2026-07-16 15:06:13,043 INFO MAXI J1820+070: loaded maxi_MAXI_J1820+070.dat (385 pts)
2026-07-16 15:06:13,047 INFO MAXI J1820+070: loaded bat_MAXI_J1820+070.dat (276 pts)
2026-07-16 15:06:13,326 INFO XTE J1550-564: loaded bat_XTE_J1550-564.dat (211 pts)
2026-07-16 15:06:13,367 INFO XTE J1550-564: loaded asm_XTE_J1550-564.lc (0 pts)
2026-07-16 15:06:13,601 INFO GRO J1655-40: loaded bat_GRO_J1655-40.dat (288 pts)
2026-07-16 15:06:13,642 INFO GRO J1655-40: loaded asm_GRO_J1655-40.lc (0 pts)
2026-07-16 15:06:13,857 INFO 4U 1543-47: loaded maxi_4U_1543-47.dat (425 pts)
2026-07-16 15:06:13,867 INFO 4U 1543-47: loaded bat_4U_1543-47.dat (239 pts)
2026-07-16 15:06:13,911 INFO 4U 1543-47: loaded asm_4U_1543-47.lc (0 pts)
2026-07-16 15:06:14,261 INFO XTE J1859+226: loaded bat_XTE_J1859+226.dat (191 pts)
2026-07-16 15:06:14,320 INFO XTE J1859+226: loaded asm_XTE_J1859+226.lc (0 pts)
2026-07-16 15:06:14,528 INFO GRS 1915+105: loaded maxi_GRS_1915+105.dat (4249 pts)
2026-07-16 15:06:14,537 INFO GRS 1915+105: loaded bat_GRS_1915+105.dat (5443 pts)
2026-07-16 15:06:14,592 INFO GRS 1915+105: loaded asm_GRS_1915+105.lc (0 pts)
2026-07-16 15:06:15,352 INFO V404 Cyg: loaded maxi_V404_Cyg.dat (535 pts)
2026-07-16 15:06:15,360 INFO V404 Cyg: loaded bat_V404_Cyg.dat (226 pts)
2026-07-16 15:06:15,416 INFO V404 Cyg: loaded asm_V404_Cyg.lc (0 pts)
2026-07-16 15:06:15,717 INFO XTE J1118+480: loaded bat_XTE_J1118+480.dat (236 pts)
2026-07-16 15:06:15,774 INFO XTE J1118+480: loaded asm_XTE_J1118+480.lc (0 pts)
2026-07-16 15:06:16,011 INFO A0620-00: loaded asm_A0620-00.lc (0 pts)
2026-07-16 15:06:16,199 INFO GRS 1124-684: loaded asm_GRS_1124-684.lc (0 pts)
2026-07-16 15:06:16,348 INFO Cyg X-1: loaded maxi_Cyg_X-1.dat (3936 pts)
2026-07-16 15:06:16,356 INFO Cyg X-1: loaded bat_Cyg_X-1.dat (7105 pts)
2026-07-16 15:06:16,418 INFO Cyg X-1: loaded asm_Cyg_X-1.lc (0 pts)
2026-07-16 15:06:17,263 INFO MAXI J1348-630: loaded maxi_MAXI_J1348-630.dat (1218 pts)
2026-07-16 15:06:17,266 INFO MAXI J1348-630: loaded bat_MAXI_J1348-630.dat (39 pts)
2026-07-16 15:06:17,576 INFO H1743-322: loaded maxi_H1743-322.dat (2688 pts)
2026-07-16 15:06:17,584 INFO H1743-322: loaded bat_H1743-322.dat (878 pts)
2026-07-16 15:06:17,619 INFO H1743-322: loaded asm_H1743-322.lc (0 pts)
2026-07-16 15:06:18,087 INFO MAXI J1535-571: loaded maxi_MAXI_J1535-571.dat (1616 pts)
2026-07-16 15:06:18,091 INFO MAXI J1535-571: loaded bat_MAXI_J1535-571.dat (40 pts)
2026-07-16 15:06:18,462 INFO Swift J1727.8-1613: loaded maxi_Swift_J1727.8-1613.dat (1176 pts)
2026-07-16 15:06:18,465 INFO Swift J1727.8-1613: loaded bat_Swift_J1727.8-1613.dat (86 pts)
2026-07-16 15:06:18,802 INFO MAXI J1659-152: loaded maxi_MAXI_J1659-152.dat (568 pts)
2026-07-16 15:06:18,810 INFO MAXI J1659-152: loaded bat_MAXI_J1659-152.dat (250 pts)
2026-07-16 15:06:19,117 INFO XTE J1752-223: loaded maxi_XTE_J1752-223.dat (4356 pts)
2026-07-16 15:06:19,125 INFO XTE J1752-223: loaded bat_XTE_J1752-223.dat (346 pts)
2026-07-16 15:06:19,694 INFO wrote outburst_catalog.csv (18 sources)
2026-07-16 15:10:35,801 INFO GX 339-4: loaded maxi_GX_339-4.dat (2320 pts)
2026-07-16 15:10:35,825 INFO GX 339-4: loaded bat_GX_339-4.dat (1954 pts)
2026-07-16 15:10:35,947 INFO GX 339-4: loaded asm_GX_339-4.lc (2321 pts)
2026-07-16 15:10:36,608 INFO MAXI J1820+070: loaded maxi_MAXI_J1820+070.dat (385 pts)
2026-07-16 15:10:36,612 INFO MAXI J1820+070: loaded bat_MAXI_J1820+070.dat (276 pts)
2026-07-16 15:10:36,917 INFO XTE J1550-564: loaded bat_XTE_J1550-564.dat (211 pts)
2026-07-16 15:10:37,037 INFO XTE J1550-564: loaded asm_XTE_J1550-564.lc (803 pts)
2026-07-16 15:10:37,332 INFO GRO J1655-40: loaded bat_GRO_J1655-40.dat (288 pts)
2026-07-16 15:10:37,445 INFO GRO J1655-40: loaded asm_GRO_J1655-40.lc (916 pts)
2026-07-16 15:10:37,797 INFO 4U 1543-47: loaded maxi_4U_1543-47.dat (425 pts)
2026-07-16 15:10:37,806 INFO 4U 1543-47: loaded bat_4U_1543-47.dat (239 pts)
2026-07-16 15:10:37,919 INFO 4U 1543-47: loaded asm_4U_1543-47.lc (320 pts)
2026-07-16 15:10:38,272 INFO XTE J1859+226: loaded bat_XTE_J1859+226.dat (191 pts)
2026-07-16 15:10:38,446 INFO XTE J1859+226: loaded asm_XTE_J1859+226.lc (408 pts)
2026-07-16 15:10:38,715 INFO GRS 1915+105: loaded maxi_GRS_1915+105.dat (4249 pts)
2026-07-16 15:10:38,724 INFO GRS 1915+105: loaded bat_GRS_1915+105.dat (5443 pts)
2026-07-16 15:10:38,883 INFO GRS 1915+105: loaded asm_GRS_1915+105.lc (4927 pts)
2026-07-16 15:10:39,992 INFO V404 Cyg: loaded maxi_V404_Cyg.dat (535 pts)
2026-07-16 15:10:40,000 INFO V404 Cyg: loaded bat_V404_Cyg.dat (226 pts)
2026-07-16 15:10:40,173 INFO V404 Cyg: loaded asm_V404_Cyg.lc (396 pts)
2026-07-16 15:10:40,460 INFO XTE J1118+480: loaded bat_XTE_J1118+480.dat (236 pts)
2026-07-16 15:10:40,645 INFO XTE J1118+480: loaded asm_XTE_J1118+480.lc (497 pts)
2026-07-16 15:10:41,137 INFO A0620-00: loaded asm_A0620-00.lc (300 pts)
2026-07-16 15:10:41,486 INFO GRS 1124-684: loaded asm_GRS_1124-684.lc (371 pts)
2026-07-16 15:10:41,729 INFO Cyg X-1: loaded maxi_Cyg_X-1.dat (3936 pts)
2026-07-16 15:10:41,739 INFO Cyg X-1: loaded bat_Cyg_X-1.dat (7105 pts)
2026-07-16 15:10:41,925 INFO Cyg X-1: loaded asm_Cyg_X-1.lc (5161 pts)
2026-07-16 15:10:43,112 INFO MAXI J1348-630: loaded maxi_MAXI_J1348-630.dat (1218 pts)
2026-07-16 15:10:43,116 INFO MAXI J1348-630: loaded bat_MAXI_J1348-630.dat (39 pts)
2026-07-16 15:10:43,457 INFO H1743-322: loaded maxi_H1743-322.dat (2688 pts)
2026-07-16 15:10:43,465 INFO H1743-322: loaded bat_H1743-322.dat (878 pts)
2026-07-16 15:10:43,563 INFO H1743-322: loaded asm_H1743-322.lc (909 pts)
2026-07-16 15:10:44,114 INFO MAXI J1535-571: loaded maxi_MAXI_J1535-571.dat (1616 pts)
2026-07-16 15:10:44,118 INFO MAXI J1535-571: loaded bat_MAXI_J1535-571.dat (40 pts)
2026-07-16 15:10:44,451 INFO Swift J1727.8-1613: loaded maxi_Swift_J1727.8-1613.dat (1176 pts)
2026-07-16 15:10:44,454 INFO Swift J1727.8-1613: loaded bat_Swift_J1727.8-1613.dat (86 pts)
2026-07-16 15:10:44,838 INFO MAXI J1659-152: loaded maxi_MAXI_J1659-152.dat (568 pts)
2026-07-16 15:10:44,847 INFO MAXI J1659-152: loaded bat_MAXI_J1659-152.dat (250 pts)
2026-07-16 15:10:45,111 INFO XTE J1752-223: loaded maxi_XTE_J1752-223.dat (4356 pts)
2026-07-16 15:10:45,120 INFO XTE J1752-223: loaded bat_XTE_J1752-223.dat (346 pts)
2026-07-16 15:10:45,698 INFO wrote outburst_catalog.csv (18 sources)
2026-07-16 15:11:33,843 INFO GX 339-4: loaded maxi_GX_339-4.dat (2320 pts)
2026-07-16 15:11:33,864 INFO GX 339-4: loaded bat_GX_339-4.dat (1954 pts)
2026-07-16 15:11:33,986 INFO GX 339-4: loaded asm_GX_339-4.lc (2321 pts)
2026-07-16 15:11:34,632 INFO MAXI J1820+070: loaded maxi_MAXI_J1820+070.dat (385 pts)
2026-07-16 15:11:34,636 INFO MAXI J1820+070: loaded bat_MAXI_J1820+070.dat (276 pts)
2026-07-16 15:11:34,934 INFO XTE J1550-564: loaded bat_XTE_J1550-564.dat (211 pts)
2026-07-16 15:11:35,049 INFO XTE J1550-564: loaded asm_XTE_J1550-564.lc (803 pts)
2026-07-16 15:11:35,334 INFO GRO J1655-40: loaded bat_GRO_J1655-40.dat (288 pts)
2026-07-16 15:11:35,443 INFO GRO J1655-40: loaded asm_GRO_J1655-40.lc (916 pts)
2026-07-16 15:11:35,775 INFO 4U 1543-47: loaded maxi_4U_1543-47.dat (425 pts)
2026-07-16 15:11:35,783 INFO 4U 1543-47: loaded bat_4U_1543-47.dat (239 pts)
2026-07-16 15:11:35,896 INFO 4U 1543-47: loaded asm_4U_1543-47.lc (320 pts)
2026-07-16 15:11:36,206 INFO XTE J1859+226: loaded bat_XTE_J1859+226.dat (191 pts)
2026-07-16 15:11:36,375 INFO XTE J1859+226: loaded asm_XTE_J1859+226.lc (408 pts)
2026-07-16 15:11:36,678 INFO GRS 1915+105: loaded maxi_GRS_1915+105.dat (4249 pts)
2026-07-16 15:11:36,686 INFO GRS 1915+105: loaded bat_GRS_1915+105.dat (5443 pts)
2026-07-16 15:11:36,840 INFO GRS 1915+105: loaded asm_GRS_1915+105.lc (4927 pts)
2026-07-16 15:11:37,964 INFO V404 Cyg: loaded maxi_V404_Cyg.dat (535 pts)
2026-07-16 15:11:37,972 INFO V404 Cyg: loaded bat_V404_Cyg.dat (226 pts)
2026-07-16 15:11:38,144 INFO V404 Cyg: loaded asm_V404_Cyg.lc (396 pts)
2026-07-16 15:11:38,425 INFO XTE J1118+480: loaded bat_XTE_J1118+480.dat (236 pts)
2026-07-16 15:11:38,602 INFO XTE J1118+480: loaded asm_XTE_J1118+480.lc (497 pts)
2026-07-16 15:11:39,062 INFO A0620-00: loaded asm_A0620-00.lc (300 pts)
2026-07-16 15:11:39,397 INFO GRS 1124-684: loaded asm_GRS_1124-684.lc (371 pts)
2026-07-16 15:11:39,635 INFO Cyg X-1: loaded maxi_Cyg_X-1.dat (3936 pts)
2026-07-16 15:11:39,644 INFO Cyg X-1: loaded bat_Cyg_X-1.dat (7105 pts)
2026-07-16 15:11:39,824 INFO Cyg X-1: loaded asm_Cyg_X-1.lc (5161 pts)
2026-07-16 15:11:41,024 INFO MAXI J1348-630: loaded maxi_MAXI_J1348-630.dat (1218 pts)
2026-07-16 15:11:41,027 INFO MAXI J1348-630: loaded bat_MAXI_J1348-630.dat (39 pts)
2026-07-16 15:11:41,323 INFO H1743-322: loaded maxi_H1743-322.dat (2688 pts)
2026-07-16 15:11:41,331 INFO H1743-322: loaded bat_H1743-322.dat (878 pts)
2026-07-16 15:11:41,427 INFO H1743-322: loaded asm_H1743-322.lc (909 pts)
2026-07-16 15:11:41,956 INFO MAXI J1535-571: loaded maxi_MAXI_J1535-571.dat (1616 pts)
2026-07-16 15:11:41,960 INFO MAXI J1535-571: loaded bat_MAXI_J1535-571.dat (40 pts)
2026-07-16 15:11:42,280 INFO Swift J1727.8-1613: loaded maxi_Swift_J1727.8-1613.dat (1176 pts)
2026-07-16 15:11:42,283 INFO Swift J1727.8-1613: loaded bat_Swift_J1727.8-1613.dat (86 pts)
2026-07-16 15:11:42,653 INFO MAXI J1659-152: loaded maxi_MAXI_J1659-152.dat (568 pts)
2026-07-16 15:11:42,661 INFO MAXI J1659-152: loaded bat_MAXI_J1659-152.dat (250 pts)
2026-07-16 15:11:42,921 INFO XTE J1752-223: loaded maxi_XTE_J1752-223.dat (4356 pts)
2026-07-16 15:11:42,929 INFO XTE J1752-223: loaded bat_XTE_J1752-223.dat (346 pts)
2026-07-16 15:11:43,541 INFO wrote outburst_catalog.csv (18 sources)
2026-07-16 15:12:23,130 INFO GX 339-4: loaded maxi_GX_339-4.dat (2320 pts)
2026-07-16 15:12:23,152 INFO GX 339-4: loaded bat_GX_339-4.dat (1954 pts)
2026-07-16 15:12:23,279 INFO GX 339-4: loaded asm_GX_339-4.lc (2321 pts)
2026-07-16 15:12:23,927 INFO MAXI J1820+070: loaded maxi_MAXI_J1820+070.dat (385 pts)
2026-07-16 15:12:23,932 INFO MAXI J1820+070: loaded bat_MAXI_J1820+070.dat (276 pts)
2026-07-16 15:12:24,236 INFO XTE J1550-564: loaded bat_XTE_J1550-564.dat (211 pts)
2026-07-16 15:12:24,356 INFO XTE J1550-564: loaded asm_XTE_J1550-564.lc (803 pts)
2026-07-16 15:12:24,644 INFO GRO J1655-40: loaded bat_GRO_J1655-40.dat (288 pts)
2026-07-16 15:12:24,757 INFO GRO J1655-40: loaded asm_GRO_J1655-40.lc (916 pts)
2026-07-16 15:12:25,109 INFO 4U 1543-47: loaded maxi_4U_1543-47.dat (425 pts)
2026-07-16 15:12:25,118 INFO 4U 1543-47: loaded bat_4U_1543-47.dat (239 pts)
2026-07-16 15:12:25,239 INFO 4U 1543-47: loaded asm_4U_1543-47.lc (320 pts)
2026-07-16 15:12:25,561 INFO XTE J1859+226: loaded bat_XTE_J1859+226.dat (191 pts)
2026-07-16 15:12:25,734 INFO XTE J1859+226: loaded asm_XTE_J1859+226.lc (408 pts)
2026-07-16 15:12:26,037 INFO GRS 1915+105: loaded maxi_GRS_1915+105.dat (4249 pts)
2026-07-16 15:12:26,046 INFO GRS 1915+105: loaded bat_GRS_1915+105.dat (5443 pts)
2026-07-16 15:12:26,199 INFO GRS 1915+105: loaded asm_GRS_1915+105.lc (4927 pts)
2026-07-16 15:12:27,306 INFO V404 Cyg: loaded maxi_V404_Cyg.dat (535 pts)
2026-07-16 15:12:27,314 INFO V404 Cyg: loaded bat_V404_Cyg.dat (226 pts)
2026-07-16 15:12:27,482 INFO V404 Cyg: loaded asm_V404_Cyg.lc (396 pts)
2026-07-16 15:12:27,760 INFO XTE J1118+480: loaded bat_XTE_J1118+480.dat (236 pts)
2026-07-16 15:12:27,944 INFO XTE J1118+480: loaded asm_XTE_J1118+480.lc (497 pts)
2026-07-16 15:12:28,412 INFO A0620-00: loaded asm_A0620-00.lc (300 pts)
2026-07-16 15:12:28,743 INFO GRS 1124-684: loaded asm_GRS_1124-684.lc (371 pts)
2026-07-16 15:12:28,989 INFO Cyg X-1: loaded maxi_Cyg_X-1.dat (3936 pts)
2026-07-16 15:12:28,998 INFO Cyg X-1: loaded bat_Cyg_X-1.dat (7105 pts)
2026-07-16 15:12:29,177 INFO Cyg X-1: loaded asm_Cyg_X-1.lc (5161 pts)
2026-07-16 15:12:30,402 INFO MAXI J1348-630: loaded maxi_MAXI_J1348-630.dat (1218 pts)
2026-07-16 15:12:30,405 INFO MAXI J1348-630: loaded bat_MAXI_J1348-630.dat (39 pts)
2026-07-16 15:12:30,710 INFO H1743-322: loaded maxi_H1743-322.dat (2688 pts)
2026-07-16 15:12:30,718 INFO H1743-322: loaded bat_H1743-322.dat (878 pts)
2026-07-16 15:12:30,824 INFO H1743-322: loaded asm_H1743-322.lc (909 pts)
2026-07-16 15:12:31,414 INFO MAXI J1535-571: loaded maxi_MAXI_J1535-571.dat (1616 pts)
2026-07-16 15:12:31,418 INFO MAXI J1535-571: loaded bat_MAXI_J1535-571.dat (40 pts)
2026-07-16 15:12:31,742 INFO Swift J1727.8-1613: loaded maxi_Swift_J1727.8-1613.dat (1176 pts)
2026-07-16 15:12:31,744 INFO Swift J1727.8-1613: loaded bat_Swift_J1727.8-1613.dat (86 pts)
2026-07-16 15:12:32,120 INFO MAXI J1659-152: loaded maxi_MAXI_J1659-152.dat (568 pts)
2026-07-16 15:12:32,128 INFO MAXI J1659-152: loaded bat_MAXI_J1659-152.dat (250 pts)
2026-07-16 15:12:32,389 INFO XTE J1752-223: loaded maxi_XTE_J1752-223.dat (4356 pts)
2026-07-16 15:12:32,397 INFO XTE J1752-223: loaded bat_XTE_J1752-223.dat (346 pts)
2026-07-16 15:12:32,985 INFO wrote outburst_catalog.csv (18 sources)
2026-07-16 15:13:10,266 INFO GX 339-4: loaded maxi_GX_339-4.dat (2320 pts)
2026-07-16 15:13:10,288 INFO GX 339-4: loaded bat_GX_339-4.dat (1954 pts)
2026-07-16 15:13:10,416 INFO GX 339-4: loaded asm_GX_339-4.lc (2321 pts)
2026-07-16 15:13:11,067 INFO MAXI J1820+070: loaded maxi_MAXI_J1820+070.dat (385 pts)
2026-07-16 15:13:11,071 INFO MAXI J1820+070: loaded bat_MAXI_J1820+070.dat (276 pts)
2026-07-16 15:13:11,375 INFO XTE J1550-564: loaded bat_XTE_J1550-564.dat (211 pts)
2026-07-16 15:13:11,490 INFO XTE J1550-564: loaded asm_XTE_J1550-564.lc (803 pts)
2026-07-16 15:13:11,771 INFO GRO J1655-40: loaded bat_GRO_J1655-40.dat (288 pts)
2026-07-16 15:13:11,884 INFO GRO J1655-40: loaded asm_GRO_J1655-40.lc (916 pts)
2026-07-16 15:13:12,211 INFO 4U 1543-47: loaded maxi_4U_1543-47.dat (425 pts)
2026-07-16 15:13:12,219 INFO 4U 1543-47: loaded bat_4U_1543-47.dat (239 pts)
2026-07-16 15:13:12,333 INFO 4U 1543-47: loaded asm_4U_1543-47.lc (320 pts)
2026-07-16 15:13:12,636 INFO XTE J1859+226: loaded bat_XTE_J1859+226.dat (191 pts)
2026-07-16 15:13:12,803 INFO XTE J1859+226: loaded asm_XTE_J1859+226.lc (408 pts)
2026-07-16 15:13:13,106 INFO GRS 1915+105: loaded maxi_GRS_1915+105.dat (4249 pts)
2026-07-16 15:13:13,114 INFO GRS 1915+105: loaded bat_GRS_1915+105.dat (5443 pts)
2026-07-16 15:13:13,267 INFO GRS 1915+105: loaded asm_GRS_1915+105.lc (4927 pts)
2026-07-16 15:13:14,359 INFO V404 Cyg: loaded maxi_V404_Cyg.dat (535 pts)
2026-07-16 15:13:14,368 INFO V404 Cyg: loaded bat_V404_Cyg.dat (226 pts)
2026-07-16 15:13:14,535 INFO V404 Cyg: loaded asm_V404_Cyg.lc (396 pts)
2026-07-16 15:13:14,815 INFO XTE J1118+480: loaded bat_XTE_J1118+480.dat (236 pts)
2026-07-16 15:13:14,993 INFO XTE J1118+480: loaded asm_XTE_J1118+480.lc (497 pts)
2026-07-16 15:13:15,464 INFO A0620-00: loaded asm_A0620-00.lc (300 pts)
2026-07-16 15:13:15,814 INFO GRS 1124-684: loaded asm_GRS_1124-684.lc (371 pts)
2026-07-16 15:13:16,064 INFO Cyg X-1: loaded maxi_Cyg_X-1.dat (3936 pts)
2026-07-16 15:13:16,073 INFO Cyg X-1: loaded bat_Cyg_X-1.dat (7105 pts)
2026-07-16 15:13:16,256 INFO Cyg X-1: loaded asm_Cyg_X-1.lc (5161 pts)
2026-07-16 15:13:17,453 INFO MAXI J1348-630: loaded maxi_MAXI_J1348-630.dat (1218 pts)
2026-07-16 15:13:17,456 INFO MAXI J1348-630: loaded bat_MAXI_J1348-630.dat (39 pts)
2026-07-16 15:13:17,746 INFO H1743-322: loaded maxi_H1743-322.dat (2688 pts)
2026-07-16 15:13:17,754 INFO H1743-322: loaded bat_H1743-322.dat (878 pts)
2026-07-16 15:13:17,849 INFO H1743-322: loaded asm_H1743-322.lc (909 pts)
2026-07-16 15:13:18,380 INFO MAXI J1535-571: loaded maxi_MAXI_J1535-571.dat (1616 pts)
2026-07-16 15:13:18,384 INFO MAXI J1535-571: loaded bat_MAXI_J1535-571.dat (40 pts)
2026-07-16 15:13:18,697 INFO Swift J1727.8-1613: loaded maxi_Swift_J1727.8-1613.dat (1176 pts)
2026-07-16 15:13:18,700 INFO Swift J1727.8-1613: loaded bat_Swift_J1727.8-1613.dat (86 pts)
2026-07-16 15:13:19,071 INFO MAXI J1659-152: loaded maxi_MAXI_J1659-152.dat (568 pts)
2026-07-16 15:13:19,079 INFO MAXI J1659-152: loaded bat_MAXI_J1659-152.dat (250 pts)
2026-07-16 15:13:19,332 INFO XTE J1752-223: loaded maxi_XTE_J1752-223.dat (4356 pts)
2026-07-16 15:13:19,340 INFO XTE J1752-223: loaded bat_XTE_J1752-223.dat (346 pts)
2026-07-16 15:13:19,928 INFO wrote outburst_catalog.csv (18 sources)
